<?xml version="1.0" encoding="UTF-8"?>
<testsuites name="Mocha Tests" time="15.953" tests="8" failures="3">
  <testsuite name="Root Suite" timestamp="2023-11-07T17:15:12" tests="0" file="cypress\e2e\spec.cy.js" time="0.000" failures="0">
  </testsuite>
  <testsuite name="template spec" timestamp="2023-11-07T17:15:12" tests="8" time="15.949" failures="3">
    <testcase name="template spec C9039 - test 1" time="0.000" classname="C9039 - test 1">
      <failure message="Timed out retrying after 4000ms: Expected to find element: `non existing element`, but never found it." type="AssertionError"><![CDATA[AssertionError: Timed out retrying after 4000ms: Expected to find element: `non existing element`, but never found it.
    at Context.eval (webpack://cypress-testrail-turbo-reporter/./cypress/e2e/spec.cy.js:7:7)]]></failure>
    </testcase>
    <testcase name="template spec C9099 - test 2" time="0.000" classname="C9099 - test 2">
      <failure message="Timed out retrying after 4000ms: Expected to find element: ``, but never found it." type="AssertionError"><![CDATA[AssertionError: Timed out retrying after 4000ms: Expected to find element: ``, but never found it.
    at Context.eval (webpack://cypress-testrail-turbo-reporter/./cypress/e2e/spec.cy.js:11:7)]]></failure>
    </testcase>
    <testcase name="template spec C9988 - test 3" time="0.137" classname="C9988 - test 3">
    </testcase>
    <testcase name="template spec C9989 - test 4" time="0.000" classname="C9989 - test 4">
      <failure message="Timed out retrying after 4000ms: Expected to find element: `nevim`, but never found it." type="AssertionError"><![CDATA[AssertionError: Timed out retrying after 4000ms: Expected to find element: `nevim`, but never found it.
    at Context.eval (webpack://cypress-testrail-turbo-reporter/./cypress/e2e/spec.cy.js:19:7)]]></failure>
    </testcase>
    <testcase name="template spec C2277 - ttttttttttttttttttttttttttttttttttttttttttttttttttttttttttttttttttttttttttttttttttttttttttttt, this title is sooooo loooong." time="0.266" classname="C2277 - ttttttttttttttttttttttttttttttttttttttttttttttttttttttttttttttttttttttttttttttttttttttttttttt, this title is sooooo loooong.">
    </testcase>
    <testcase name="template spec C999" time="0.124" classname="C999">
    </testcase>
    <testcase name="template spec C99" time="0.122" classname="C99">
    </testcase>
    <testcase name="template spec C9" time="0.118" classname="C9">
    </testcase>
  </testsuite>
</testsuites>